// Jest Snapshot v1, https://goo.gl/fbAQLP

exports[`Header Overall should render successfully - base 1`] = `<div />`;
